This is pdfTeX, Version 3.141592653-2.6-1.40.29 (MiKTeX 26.5) (preloaded format=pdflatex.fmt)
 restricted \write18 enabled.
entering extended mode
(algebraic_topology.tex
LaTeX2e <2025-11-01>
L3 programming layer <2026-03-20>
(<LOCAL_ACCOUNT_ROOT>\AppData\Local\Programs\MiKTeX\tex/latex/base\article.cls
Document Class: article 2025/01/22 v1.4n Standard LaTeX document class
(<LOCAL_ACCOUNT_ROOT>\AppData\Local\Programs\MiKTeX\tex/latex/base\size11.clo))
(header.tex
(<LOCAL_ACCOUNT_ROOT>\AppData\Local\Programs\MiKTeX\tex/latex/amsfonts\amssymb.sty
(<LOCAL_ACCOUNT_ROOT>\AppData\Local\Programs\MiKTeX\tex/latex/amsfonts\amsfonts.sty)
) (<LOCAL_ACCOUNT_ROOT>\AppData\Local\Programs\MiKTeX\tex/latex/amsmath\amsmath.sty
For additional information on amsmath, use the `?' option.
(<LOCAL_ACCOUNT_ROOT>\AppData\Local\Programs\MiKTeX\tex/latex/amsmath\amstext.sty
(<LOCAL_ACCOUNT_ROOT>\AppData\Local\Programs\MiKTeX\tex/latex/amsmath\amsgen.sty))
(<LOCAL_ACCOUNT_ROOT>\AppData\Local\Programs\MiKTeX\tex/latex/amsmath\amsbsy.sty)
(<LOCAL_ACCOUNT_ROOT>\AppData\Local\Programs\MiKTeX\tex/latex/amsmath\amsopn.sty))
(<LOCAL_ACCOUNT_ROOT>\AppData\Local\Programs\MiKTeX\tex/latex/tools\calc.sty)
(<LOCAL_ACCOUNT_ROOT>\AppData\Local\Programs\MiKTeX\tex/latex/pgf/frontendlayer\tikz
.sty
(<LOCAL_ACCOUNT_ROOT>\AppData\Local\Programs\MiKTeX\tex/latex/pgf/basiclayer\pgf.sty

(<LOCAL_ACCOUNT_ROOT>\AppData\Local\Programs\MiKTeX\tex/latex/pgf/utilities\pgfrcs.s
ty
(<LOCAL_ACCOUNT_ROOT>\AppData\Local\Programs\MiKTeX\tex/generic/pgf/utilities\pgfuti
l-common.tex)
(<LOCAL_ACCOUNT_ROOT>\AppData\Local\Programs\MiKTeX\tex/generic/pgf/utilities\pgfuti
l-latex.def)
(<LOCAL_ACCOUNT_ROOT>\AppData\Local\Programs\MiKTeX\tex/generic/pgf/utilities\pgfrcs
.code.tex
(<LOCAL_ACCOUNT_ROOT>\AppData\Local\Programs\MiKTeX\tex/generic/pgf\pgf.revision.tex
)))
(<LOCAL_ACCOUNT_ROOT>\AppData\Local\Programs\MiKTeX\tex/latex/pgf/basiclayer\pgfcore
.sty
(<LOCAL_ACCOUNT_ROOT>\AppData\Local\Programs\MiKTeX\tex/latex/graphics\graphicx.sty
(<LOCAL_ACCOUNT_ROOT>\AppData\Local\Programs\MiKTeX\tex/latex/graphics\keyval.sty)
(<LOCAL_ACCOUNT_ROOT>\AppData\Local\Programs\MiKTeX\tex/latex/graphics\graphics.sty
(<LOCAL_ACCOUNT_ROOT>\AppData\Local\Programs\MiKTeX\tex/latex/graphics\trig.sty)
(<LOCAL_ACCOUNT_ROOT>\AppData\Local\Programs\MiKTeX\tex/latex/graphics-cfg\graphics.
cfg)
(<LOCAL_ACCOUNT_ROOT>\AppData\Local\Programs\MiKTeX\tex/latex/graphics-def\pdftex.de
f)))
(<LOCAL_ACCOUNT_ROOT>\AppData\Local\Programs\MiKTeX\tex/latex/pgf/systemlayer\pgfsys
.sty
(<LOCAL_ACCOUNT_ROOT>\AppData\Local\Programs\MiKTeX\tex/generic/pgf/systemlayer\pgfs
ys.code.tex
(<LOCAL_ACCOUNT_ROOT>\AppData\Local\Programs\MiKTeX\tex/generic/pgf/utilities\pgfkey
s.code.tex
(<LOCAL_ACCOUNT_ROOT>\AppData\Local\Programs\MiKTeX\tex/generic/pgf/utilities\pgfkey
slibraryfiltered.code.tex))
(<LOCAL_ACCOUNT_ROOT>\AppData\Local\Programs\MiKTeX\tex/generic/pgf/systemlayer\pgf.
cfg)
(<LOCAL_ACCOUNT_ROOT>\AppData\Local\Programs\MiKTeX\tex/generic/pgf/systemlayer\pgfs
ys-pdftex.def
(<LOCAL_ACCOUNT_ROOT>\AppData\Local\Programs\MiKTeX\tex/generic/pgf/systemlayer\pgfs
ys-common-pdf.def)))
(<LOCAL_ACCOUNT_ROOT>\AppData\Local\Programs\MiKTeX\tex/generic/pgf/systemlayer\pgfs
yssoftpath.code.tex)
(<LOCAL_ACCOUNT_ROOT>\AppData\Local\Programs\MiKTeX\tex/generic/pgf/systemlayer\pgfs
ysprotocol.code.tex))
(<LOCAL_ACCOUNT_ROOT>\AppData\Local\Programs\MiKTeX\tex/latex/xcolor\xcolor.sty
(<LOCAL_ACCOUNT_ROOT>\AppData\Local\Programs\MiKTeX\tex/latex/graphics-cfg\color.cfg
)
(<LOCAL_ACCOUNT_ROOT>\AppData\Local\Programs\MiKTeX\tex/latex/graphics\mathcolor.ltx
))
(<LOCAL_ACCOUNT_ROOT>\AppData\Local\Programs\MiKTeX\tex/generic/pgf/basiclayer\pgfco
re.code.tex
(<LOCAL_ACCOUNT_ROOT>\AppData\Local\Programs\MiKTeX\tex/generic/pgf/math\pgfmath.cod
e.tex
(<LOCAL_ACCOUNT_ROOT>\AppData\Local\Programs\MiKTeX\tex/generic/pgf/math\pgfmathutil
.code.tex)
(<LOCAL_ACCOUNT_ROOT>\AppData\Local\Programs\MiKTeX\tex/generic/pgf/math\pgfmathpars
er.code.tex)
(<LOCAL_ACCOUNT_ROOT>\AppData\Local\Programs\MiKTeX\tex/generic/pgf/math\pgfmathfunc
tions.code.tex)
(<LOCAL_ACCOUNT_ROOT>\AppData\Local\Programs\MiKTeX\tex/generic/pgf/math\pgfmathfunc
tions.basic.code.tex)
(<LOCAL_ACCOUNT_ROOT>\AppData\Local\Programs\MiKTeX\tex/generic/pgf/math\pgfmathfunc
tions.trigonometric.code.tex)
(<LOCAL_ACCOUNT_ROOT>\AppData\Local\Programs\MiKTeX\tex/generic/pgf/math\pgfmathfunc
tions.random.code.tex)
(<LOCAL_ACCOUNT_ROOT>\AppData\Local\Programs\MiKTeX\tex/generic/pgf/math\pgfmathfunc
tions.comparison.code.tex)
(<LOCAL_ACCOUNT_ROOT>\AppData\Local\Programs\MiKTeX\tex/generic/pgf/math\pgfmathfunc
tions.base.code.tex)
(<LOCAL_ACCOUNT_ROOT>\AppData\Local\Programs\MiKTeX\tex/generic/pgf/math\pgfmathfunc
tions.round.code.tex)
(<LOCAL_ACCOUNT_ROOT>\AppData\Local\Programs\MiKTeX\tex/generic/pgf/math\pgfmathfunc
tions.misc.code.tex)
(<LOCAL_ACCOUNT_ROOT>\AppData\Local\Programs\MiKTeX\tex/generic/pgf/math\pgfmathfunc
tions.integerarithmetics.code.tex)
(<LOCAL_ACCOUNT_ROOT>\AppData\Local\Programs\MiKTeX\tex/generic/pgf/math\pgfmathcalc
.code.tex)
(<LOCAL_ACCOUNT_ROOT>\AppData\Local\Programs\MiKTeX\tex/generic/pgf/math\pgfmathfloa
t.code.tex))
(<LOCAL_ACCOUNT_ROOT>\AppData\Local\Programs\MiKTeX\tex/generic/pgf/math\pgfint.code
.tex)
(<LOCAL_ACCOUNT_ROOT>\AppData\Local\Programs\MiKTeX\tex/generic/pgf/basiclayer\pgfco
repoints.code.tex)
(<LOCAL_ACCOUNT_ROOT>\AppData\Local\Programs\MiKTeX\tex/generic/pgf/basiclayer\pgfco
repathconstruct.code.tex)
(<LOCAL_ACCOUNT_ROOT>\AppData\Local\Programs\MiKTeX\tex/generic/pgf/basiclayer\pgfco
repathusage.code.tex)
(<LOCAL_ACCOUNT_ROOT>\AppData\Local\Programs\MiKTeX\tex/generic/pgf/basiclayer\pgfco
rescopes.code.tex)
(<LOCAL_ACCOUNT_ROOT>\AppData\Local\Programs\MiKTeX\tex/generic/pgf/basiclayer\pgfco
regraphicstate.code.tex)
(<LOCAL_ACCOUNT_ROOT>\AppData\Local\Programs\MiKTeX\tex/generic/pgf/basiclayer\pgfco
retransformations.code.tex)
(<LOCAL_ACCOUNT_ROOT>\AppData\Local\Programs\MiKTeX\tex/generic/pgf/basiclayer\pgfco
requick.code.tex)
(<LOCAL_ACCOUNT_ROOT>\AppData\Local\Programs\MiKTeX\tex/generic/pgf/basiclayer\pgfco
reobjects.code.tex)
(<LOCAL_ACCOUNT_ROOT>\AppData\Local\Programs\MiKTeX\tex/generic/pgf/basiclayer\pgfco
repathprocessing.code.tex)
(<LOCAL_ACCOUNT_ROOT>\AppData\Local\Programs\MiKTeX\tex/generic/pgf/basiclayer\pgfco
rearrows.code.tex)
(<LOCAL_ACCOUNT_ROOT>\AppData\Local\Programs\MiKTeX\tex/generic/pgf/basiclayer\pgfco
reshade.code.tex)
(<LOCAL_ACCOUNT_ROOT>\AppData\Local\Programs\MiKTeX\tex/generic/pgf/basiclayer\pgfco
reimage.code.tex)
(<LOCAL_ACCOUNT_ROOT>\AppData\Local\Programs\MiKTeX\tex/generic/pgf/basiclayer\pgfco
reexternal.code.tex)
(<LOCAL_ACCOUNT_ROOT>\AppData\Local\Programs\MiKTeX\tex/generic/pgf/basiclayer\pgfco
relayers.code.tex)
(<LOCAL_ACCOUNT_ROOT>\AppData\Local\Programs\MiKTeX\tex/generic/pgf/basiclayer\pgfco
retransparency.code.tex)
(<LOCAL_ACCOUNT_ROOT>\AppData\Local\Programs\MiKTeX\tex/generic/pgf/basiclayer\pgfco
repatterns.code.tex)
(<LOCAL_ACCOUNT_ROOT>\AppData\Local\Programs\MiKTeX\tex/generic/pgf/basiclayer\pgfco
rerdf.code.tex)))
(<LOCAL_ACCOUNT_ROOT>\AppData\Local\Programs\MiKTeX\tex/generic/pgf/modules\pgfmodul
eshapes.code.tex)
(<LOCAL_ACCOUNT_ROOT>\AppData\Local\Programs\MiKTeX\tex/generic/pgf/modules\pgfmodul
eplot.code.tex)
(<LOCAL_ACCOUNT_ROOT>\AppData\Local\Programs\MiKTeX\tex/latex/pgf/compatibility\pgfc
omp-version-0-65.sty)
(<LOCAL_ACCOUNT_ROOT>\AppData\Local\Programs\MiKTeX\tex/latex/pgf/compatibility\pgfc
omp-version-1-18.sty))
(<LOCAL_ACCOUNT_ROOT>\AppData\Local\Programs\MiKTeX\tex/latex/pgf/utilities\pgffor.s
ty
(<LOCAL_ACCOUNT_ROOT>\AppData\Local\Programs\MiKTeX\tex/latex/pgf/utilities\pgfkeys.
sty
(<LOCAL_ACCOUNT_ROOT>\AppData\Local\Programs\MiKTeX\tex/generic/pgf/utilities\pgfkey
s.code.tex))
(<LOCAL_ACCOUNT_ROOT>\AppData\Local\Programs\MiKTeX\tex/latex/pgf/math\pgfmath.sty
(<LOCAL_ACCOUNT_ROOT>\AppData\Local\Programs\MiKTeX\tex/generic/pgf/math\pgfmath.cod
e.tex))
(<LOCAL_ACCOUNT_ROOT>\AppData\Local\Programs\MiKTeX\tex/generic/pgf/utilities\pgffor
.code.tex))
(<LOCAL_ACCOUNT_ROOT>\AppData\Local\Programs\MiKTeX\tex/generic/pgf/frontendlayer/ti
kz\tikz.code.tex
(<LOCAL_ACCOUNT_ROOT>\AppData\Local\Programs\MiKTeX\tex/generic/pgf/libraries\pgflib
raryplothandlers.code.tex)
(<LOCAL_ACCOUNT_ROOT>\AppData\Local\Programs\MiKTeX\tex/generic/pgf/modules\pgfmodul
ematrix.code.tex)
(<LOCAL_ACCOUNT_ROOT>\AppData\Local\Programs\MiKTeX\tex/generic/pgf/frontendlayer/ti
kz/libraries\tikzlibrarytopaths.code.tex)))
(<LOCAL_ACCOUNT_ROOT>\AppData\Local\Programs\MiKTeX\tex/latex/pgfplots\pgfplots.sty
(<LOCAL_ACCOUNT_ROOT>\AppData\Local\Programs\MiKTeX\tex/generic/pgfplots\pgfplots.re
vision.tex)
(<LOCAL_ACCOUNT_ROOT>\AppData\Local\Programs\MiKTeX\tex/generic/pgfplots\pgfplots.co
de.tex
(<LOCAL_ACCOUNT_ROOT>\AppData\Local\Programs\MiKTeX\tex/generic/pgfplots\pgfplotscor
e.code.tex
(<LOCAL_ACCOUNT_ROOT>\AppData\Local\Programs\MiKTeX\tex/generic/pgfplots/sys\pgfplot
ssysgeneric.code.tex))
(<LOCAL_ACCOUNT_ROOT>\AppData\Local\Programs\MiKTeX\tex/generic/pgfplots/libs\pgfplo
tslibrary.code.tex)
(<LOCAL_ACCOUNT_ROOT>\AppData\Local\Programs\MiKTeX\tex/generic/pgfplots/oldpgfcompa
tib\pgfplotsoldpgfsupp_loader.code.tex
(<LOCAL_ACCOUNT_ROOT>\AppData\Local\Programs\MiKTeX\tex/generic/pgf/libraries\pgflib
raryfpu.code.tex)
Package pgfplots: loading complementary utilities for your pgf version...

(<LOCAL_ACCOUNT_ROOT>\AppData\Local\Programs\MiKTeX\tex/generic/pgfplots/oldpgfcompa
tib\pgfplotsoldpgfsupp_pgfutil-common-lists.tex))
(<LOCAL_ACCOUNT_ROOT>\AppData\Local\Programs\MiKTeX\tex/generic/pgfplots/util\pgfplo
tsutil.code.tex
(<LOCAL_ACCOUNT_ROOT>\AppData\Local\Programs\MiKTeX\tex/generic/pgfplots/liststructu
re\pgfplotsliststructure.code.tex)
(<LOCAL_ACCOUNT_ROOT>\AppData\Local\Programs\MiKTeX\tex/generic/pgfplots/liststructu
re\pgfplotsliststructureext.code.tex)
(<LOCAL_ACCOUNT_ROOT>\AppData\Local\Programs\MiKTeX\tex/generic/pgfplots/liststructu
re\pgfplotsarray.code.tex)
(<LOCAL_ACCOUNT_ROOT>\AppData\Local\Programs\MiKTeX\tex/generic/pgfplots/liststructu
re\pgfplotsmatrix.code.tex)
(<LOCAL_ACCOUNT_ROOT>\AppData\Local\Programs\MiKTeX\tex/generic/pgfplots/numtable\pg
fplotstableshared.code.tex)
(<LOCAL_ACCOUNT_ROOT>\AppData\Local\Programs\MiKTeX\tex/generic/pgfplots/liststructu
re\pgfplotsdeque.code.tex)
(<LOCAL_ACCOUNT_ROOT>\AppData\Local\Programs\MiKTeX\tex/generic/pgfplots/util\pgfplo
tsbinary.code.tex
(<LOCAL_ACCOUNT_ROOT>\AppData\Local\Programs\MiKTeX\tex/generic/pgfplots/util\pgfplo
tsbinary.data.code.tex))
(<LOCAL_ACCOUNT_ROOT>\AppData\Local\Programs\MiKTeX\tex/generic/pgfplots/util\pgfplo
tsutil.verb.code.tex)
(<LOCAL_ACCOUNT_ROOT>\AppData\Local\Programs\MiKTeX\tex/generic/pgfplots/libs\pgflib
rarypgfplots.surfshading.code.tex
(<LOCAL_ACCOUNT_ROOT>\AppData\Local\Programs\MiKTeX\tex/generic/pgfplots/sys\pgflibr
arypgfplots.surfshading.pgfsys-pdftex.def)))
(<LOCAL_ACCOUNT_ROOT>\AppData\Local\Programs\MiKTeX\tex/generic/pgfplots/util\pgfplo
tscolormap.code.tex
(<LOCAL_ACCOUNT_ROOT>\AppData\Local\Programs\MiKTeX\tex/generic/pgfplots/util\pgfplo
tscolor.code.tex))
(<LOCAL_ACCOUNT_ROOT>\AppData\Local\Programs\MiKTeX\tex/generic/pgfplots\pgfplotssta
ckedplots.code.tex)
(<LOCAL_ACCOUNT_ROOT>\AppData\Local\Programs\MiKTeX\tex/generic/pgfplots\pgfplotsplo
thandlers.code.tex
(<LOCAL_ACCOUNT_ROOT>\AppData\Local\Programs\MiKTeX\tex/generic/pgfplots\pgfplotsmes
hplothandler.code.tex
(<LOCAL_ACCOUNT_ROOT>\AppData\Local\Programs\MiKTeX\tex/generic/pgfplots\pgfplotsmes
hplotimage.code.tex)))
(<LOCAL_ACCOUNT_ROOT>\AppData\Local\Programs\MiKTeX\tex/generic/pgfplots\pgfplots.sc
aling.code.tex)
(<LOCAL_ACCOUNT_ROOT>\AppData\Local\Programs\MiKTeX\tex/generic/pgfplots\pgfplotscoo
rdprocessing.code.tex)
(<LOCAL_ACCOUNT_ROOT>\AppData\Local\Programs\MiKTeX\tex/generic/pgfplots\pgfplots.er
rorbars.code.tex)
(<LOCAL_ACCOUNT_ROOT>\AppData\Local\Programs\MiKTeX\tex/generic/pgfplots\pgfplots.ma
rkers.code.tex)
(<LOCAL_ACCOUNT_ROOT>\AppData\Local\Programs\MiKTeX\tex/generic/pgfplots\pgfplotstic
ks.code.tex)
(<LOCAL_ACCOUNT_ROOT>\AppData\Local\Programs\MiKTeX\tex/generic/pgfplots\pgfplots.pa
ths.code.tex)
(<LOCAL_ACCOUNT_ROOT>\AppData\Local\Programs\MiKTeX\tex/generic/pgf/frontendlayer/ti
kz/libraries\tikzlibrarydecorations.code.tex
(<LOCAL_ACCOUNT_ROOT>\AppData\Local\Programs\MiKTeX\tex/generic/pgf/modules\pgfmodul
edecorations.code.tex))
(<LOCAL_ACCOUNT_ROOT>\AppData\Local\Programs\MiKTeX\tex/generic/pgf/frontendlayer/ti
kz/libraries\tikzlibrarydecorations.pathmorphing.code.tex
(<LOCAL_ACCOUNT_ROOT>\AppData\Local\Programs\MiKTeX\tex/generic/pgf/libraries/decora
tions\pgflibrarydecorations.pathmorphing.code.tex))
(<LOCAL_ACCOUNT_ROOT>\AppData\Local\Programs\MiKTeX\tex/generic/pgf/frontendlayer/ti
kz/libraries\tikzlibrarydecorations.pathreplacing.code.tex
(<LOCAL_ACCOUNT_ROOT>\AppData\Local\Programs\MiKTeX\tex/generic/pgf/libraries/decora
tions\pgflibrarydecorations.pathreplacing.code.tex))
(<LOCAL_ACCOUNT_ROOT>\AppData\Local\Programs\MiKTeX\tex/generic/pgfplots/libs\tikzli
brarypgfplots.contourlua.code.tex))
(<LOCAL_ACCOUNT_ROOT>\AppData\Local\Programs\MiKTeX\tex/generic/pgf/frontendlayer/ti
kz/libraries\tikzlibraryplotmarks.code.tex
(<LOCAL_ACCOUNT_ROOT>\AppData\Local\Programs\MiKTeX\tex/generic/pgf/libraries\pgflib
raryplotmarks.code.tex)))
(<LOCAL_ACCOUNT_ROOT>\AppData\Local\Programs\MiKTeX\tex/latex/geometry\geometry.sty
(<LOCAL_ACCOUNT_ROOT>\AppData\Local\Programs\MiKTeX\tex/generic/iftex\ifvtex.sty
(<LOCAL_ACCOUNT_ROOT>\AppData\Local\Programs\MiKTeX\tex/generic/iftex\iftex.sty))
(<LOCAL_ACCOUNT_ROOT>\AppData\Local\Programs\MiKTeX\tex/latex/geometry\geometry.cfg)
)
(<LOCAL_ACCOUNT_ROOT>\AppData\Local\Programs\MiKTeX\tex/latex/mathtools\mathtools.st
y
(<LOCAL_ACCOUNT_ROOT>\AppData\Local\Programs\MiKTeX\tex/latex/mathtools\mhsetup.sty)
) (<LOCAL_ACCOUNT_ROOT>\AppData\Local\Programs\MiKTeX\tex/latex/xcolor\svgnam.def)
(<LOCAL_ACCOUNT_ROOT>\AppData\Local\Programs\MiKTeX\tex/latex/hyperref\hyperref.sty
(<LOCAL_ACCOUNT_ROOT>\AppData\Local\Programs\MiKTeX\tex/latex/kvsetkeys\kvsetkeys.st
y)
(<LOCAL_ACCOUNT_ROOT>\AppData\Local\Programs\MiKTeX\tex/generic/kvdefinekeys\kvdefin
ekeys.sty)
(<LOCAL_ACCOUNT_ROOT>\AppData\Local\Programs\MiKTeX\tex/generic/pdfescape\pdfescape.
sty
(<LOCAL_ACCOUNT_ROOT>\AppData\Local\Programs\MiKTeX\tex/generic/ltxcmds\ltxcmds.sty)

(<LOCAL_ACCOUNT_ROOT>\AppData\Local\Programs\MiKTeX\tex/generic/pdftexcmds\pdftexcmd
s.sty
(<LOCAL_ACCOUNT_ROOT>\AppData\Local\Programs\MiKTeX\tex/generic/infwarerr\infwarerr.
sty)))
(<LOCAL_ACCOUNT_ROOT>\AppData\Local\Programs\MiKTeX\tex/latex/hycolor\hycolor.sty)
(<LOCAL_ACCOUNT_ROOT>\AppData\Local\Programs\MiKTeX\tex/latex/hyperref\nameref.sty
(<LOCAL_ACCOUNT_ROOT>\AppData\Local\Programs\MiKTeX\tex/latex/refcount\refcount.sty)

(<LOCAL_ACCOUNT_ROOT>\AppData\Local\Programs\MiKTeX\tex/generic/gettitlestring\getti
tlestring.sty
(<LOCAL_ACCOUNT_ROOT>\AppData\Local\Programs\MiKTeX\tex/latex/kvoptions\kvoptions.st
y)))
(<LOCAL_ACCOUNT_ROOT>\AppData\Local\Programs\MiKTeX\tex/latex/etoolbox\etoolbox.sty)

(<LOCAL_ACCOUNT_ROOT>\AppData\Local\Programs\MiKTeX\tex/generic/stringenc\stringenc.
sty)
(<LOCAL_ACCOUNT_ROOT>\AppData\Local\Programs\MiKTeX\tex/latex/hyperref\pd1enc.def)
(<LOCAL_ACCOUNT_ROOT>\AppData\Local\Programs\MiKTeX\tex/generic/intcalc\intcalc.sty)
(<LOCAL_ACCOUNT_ROOT>\AppData\Local\Programs\MiKTeX\tex/latex/hyperref\puenc.def)
(<LOCAL_ACCOUNT_ROOT>\AppData\Local\Programs\MiKTeX\tex/latex/url\url.sty)
(<LOCAL_ACCOUNT_ROOT>\AppData\Local\Programs\MiKTeX\tex/generic/bitset\bitset.sty
(<LOCAL_ACCOUNT_ROOT>\AppData\Local\Programs\MiKTeX\tex/generic/bigintcalc\bigintcal
c.sty)))
(<LOCAL_ACCOUNT_ROOT>\AppData\Local\Programs\MiKTeX\tex/latex/hyperref\hpdftex.def
(<LOCAL_ACCOUNT_ROOT>\AppData\Local\Programs\MiKTeX\tex/latex/rerunfilecheck\rerunfi
lecheck.sty
(<LOCAL_ACCOUNT_ROOT>\AppData\Local\Programs\MiKTeX\tex/generic/uniquecounter\unique
counter.sty)))
(<LOCAL_ACCOUNT_ROOT>\AppData\Local\Programs\MiKTeX\tex/latex/forest\forest.sty
(<LOCAL_ACCOUNT_ROOT>\AppData\Local\Programs\MiKTeX\tex/generic/pgf/frontendlayer/ti
kz/libraries\tikzlibraryshapes.code.tex
(<LOCAL_ACCOUNT_ROOT>\AppData\Local\Programs\MiKTeX\tex/generic/pgf/frontendlayer/ti
kz/libraries\tikzlibraryshapes.geometric.code.tex
(<LOCAL_ACCOUNT_ROOT>\AppData\Local\Programs\MiKTeX\tex/generic/pgf/libraries/shapes
\pgflibraryshapes.geometric.code.tex))
(<LOCAL_ACCOUNT_ROOT>\AppData\Local\Programs\MiKTeX\tex/generic/pgf/frontendlayer/ti
kz/libraries\tikzlibraryshapes.misc.code.tex
(<LOCAL_ACCOUNT_ROOT>\AppData\Local\Programs\MiKTeX\tex/generic/pgf/libraries/shapes
\pgflibraryshapes.misc.code.tex))
(<LOCAL_ACCOUNT_ROOT>\AppData\Local\Programs\MiKTeX\tex/generic/pgf/frontendlayer/ti
kz/libraries\tikzlibraryshapes.symbols.code.tex
(<LOCAL_ACCOUNT_ROOT>\AppData\Local\Programs\MiKTeX\tex/generic/pgf/libraries/shapes
\pgflibraryshapes.symbols.code.tex))
(<LOCAL_ACCOUNT_ROOT>\AppData\Local\Programs\MiKTeX\tex/generic/pgf/frontendlayer/ti
kz/libraries\tikzlibraryshapes.arrows.code.tex
(<LOCAL_ACCOUNT_ROOT>\AppData\Local\Programs\MiKTeX\tex/generic/pgf/libraries/shapes
\pgflibraryshapes.arrows.code.tex))
(<LOCAL_ACCOUNT_ROOT>\AppData\Local\Programs\MiKTeX\tex/generic/pgf/frontendlayer/ti
kz/libraries\tikzlibraryshapes.callouts.code.tex
(<LOCAL_ACCOUNT_ROOT>\AppData\Local\Programs\MiKTeX\tex/generic/pgf/libraries/shapes
\pgflibraryshapes.callouts.code.tex))
(<LOCAL_ACCOUNT_ROOT>\AppData\Local\Programs\MiKTeX\tex/generic/pgf/frontendlayer/ti
kz/libraries\tikzlibraryshapes.multipart.code.tex
(<LOCAL_ACCOUNT_ROOT>\AppData\Local\Programs\MiKTeX\tex/generic/pgf/libraries/shapes
\pgflibraryshapes.multipart.code.tex)))
(<LOCAL_ACCOUNT_ROOT>\AppData\Local\Programs\MiKTeX\tex/generic/pgf/frontendlayer/ti
kz/libraries\tikzlibraryfit.code.tex)
(<LOCAL_ACCOUNT_ROOT>\AppData\Local\Programs\MiKTeX\tex/generic/pgf/frontendlayer/ti
kz/libraries\tikzlibrarycalc.code.tex)
(<LOCAL_ACCOUNT_ROOT>\AppData\Local\Programs\MiKTeX\tex/generic/pgf/libraries\pgflib
raryintersections.code.tex)
(<LOCAL_ACCOUNT_ROOT>\AppData\Local\Programs\MiKTeX\tex/latex/pgfopts\pgfopts.sty)
(<LOCAL_ACCOUNT_ROOT>\AppData\Local\Programs\MiKTeX\tex/latex/elocalloc\elocalloc.st
y) (<LOCAL_ACCOUNT_ROOT>\AppData\Local\Programs\MiKTeX\tex/latex/environ\environ.sty

(<LOCAL_ACCOUNT_ROOT>\AppData\Local\Programs\MiKTeX\tex/latex/trimspaces\trimspaces.
sty))
(<LOCAL_ACCOUNT_ROOT>\AppData\Local\Programs\MiKTeX\tex/latex/l3packages/xparse\xpar
se.sty
(<LOCAL_ACCOUNT_ROOT>\AppData\Local\Programs\MiKTeX\tex/latex/l3kernel\expl3.sty
(<LOCAL_ACCOUNT_ROOT>\AppData\Local\Programs\MiKTeX\tex/latex/l3backend\l3backend-pd
ftex.def)))
(<LOCAL_ACCOUNT_ROOT>\AppData\Local\Programs\MiKTeX\tex/latex/inlinedef\inlinedef.st
y))
(<TASK_ROOT>\au
thority\upstream\math-notes-563194fae879178b9a6871b249513bfc27968975\build-over
lay\commath.sty)
(<LOCAL_ACCOUNT_ROOT>\AppData\Local\Programs\MiKTeX\tex/latex/oberdiek\centernot.sty
) (<LOCAL_ACCOUNT_ROOT>\AppData\Local\Programs\MiKTeX\tex/latex/esint\esint.sty)
(<LOCAL_ACCOUNT_ROOT>\AppData\Local\Programs\MiKTeX\tex/latex/amscls\amsthm.sty)
(<LOCAL_ACCOUNT_ROOT>\AppData\Local\Programs\MiKTeX\tex/latex/fancyhdr\fancyhdr.sty)
 (<LOCAL_ACCOUNT_ROOT>\AppData\Local\Programs\MiKTeX\tex/latex/tools\bm.sty)
(<LOCAL_ACCOUNT_ROOT>\AppData\Local\Programs\MiKTeX\tex/latex/bookmark\bookmark.sty
(<LOCAL_ACCOUNT_ROOT>\AppData\Local\Programs\MiKTeX\tex/latex/bookmark\bkm-pdftex.de
f))
(<LOCAL_ACCOUNT_ROOT>\AppData\Local\Programs\MiKTeX\tex/latex/tikz-cd\tikz-cd.sty
(<LOCAL_ACCOUNT_ROOT>\AppData\Local\Programs\MiKTeX\tex/latex/tikz-cd\tikzlibrarycd.
code.tex
(<LOCAL_ACCOUNT_ROOT>\AppData\Local\Programs\MiKTeX\tex/generic/pgf/frontendlayer/ti
kz/libraries\tikzlibrarymatrix.code.tex)
(<LOCAL_ACCOUNT_ROOT>\AppData\Local\Programs\MiKTeX\tex/generic/pgf/frontendlayer/ti
kz/libraries\tikzlibraryquotes.code.tex)
(<LOCAL_ACCOUNT_ROOT>\AppData\Local\Programs\MiKTeX\tex/generic/pgf/libraries\pgflib
raryarrows.meta.code.tex)))
(<LOCAL_ACCOUNT_ROOT>\AppData\Local\Programs\MiKTeX\tex/latex/bbm\bbm.sty)
(<LOCAL_ACCOUNT_ROOT>\AppData\Local\Programs\MiKTeX\tex/latex/base\textcomp.sty)
(<LOCAL_ACCOUNT_ROOT>\AppData\Local\Programs\MiKTeX\tex/latex/float\float.sty)
(<LOCAL_ACCOUNT_ROOT>\AppData\Local\Programs\MiKTeX\tex/latex/gensymb\gensymb.sty)
(<LOCAL_ACCOUNT_ROOT>\AppData\Local\Programs\MiKTeX\tex/latex/cleveref\cleveref.sty)

==> First Aid for cleveref.sty applied!
(<LOCAL_ACCOUNT_ROOT>\AppData\Local\Programs\MiKTeX\tex/latex/comment\comment.sty
Excluding comment 'comment')
(<LOCAL_ACCOUNT_ROOT>\AppData\Local\Programs\MiKTeX\tex/latex/cancel\cancel.sty)
(<LOCAL_ACCOUNT_ROOT>\AppData\Local\Programs\MiKTeX\tex/latex/listings\listings.sty
(<LOCAL_ACCOUNT_ROOT>\AppData\Local\Programs\MiKTeX\tex/latex/listings\lstpatch.sty)
 (<LOCAL_ACCOUNT_ROOT>\AppData\Local\Programs\MiKTeX\tex/latex/listings\lstmisc.sty)
 (<LOCAL_ACCOUNT_ROOT>\AppData\Local\Programs\MiKTeX\tex/latex/listings\listings.cfg
))
==> First Aid for listings.sty no longer applied!
    Expected:
        2024/09/23 1.10c (Carsten Heinz)
    but found:
        2025/11/14 1.11b (Carsten Heinz)
    so I'm assuming it got fixed.

(<LOCAL_ACCOUNT_ROOT>\AppData\Local\Programs\MiKTeX\tex/latex/algorithm2e\algorithm2
e.sty (<LOCAL_ACCOUNT_ROOT>\AppData\Local\Programs\MiKTeX\tex/latex/base\ifthen.sty)

(<LOCAL_ACCOUNT_ROOT>\AppData\Local\Programs\MiKTeX\tex/latex/ifoddpage\ifoddpage.st
y) (<LOCAL_ACCOUNT_ROOT>\AppData\Local\Programs\MiKTeX\tex/latex/tools\xspace.sty)
(<LOCAL_ACCOUNT_ROOT>\AppData\Local\Programs\MiKTeX\tex/latex/relsize\relsize.sty))
(<LOCAL_ACCOUNT_ROOT>\AppData\Local\Programs\MiKTeX\tex/generic/pgf/frontendlayer/ti
kz/libraries\tikzlibrarypositioning.code.tex)
(<LOCAL_ACCOUNT_ROOT>\AppData\Local\Programs\MiKTeX\tex/generic/pgf/frontendlayer/ti
kz/libraries\tikzlibraryarrows.code.tex
(<LOCAL_ACCOUNT_ROOT>\AppData\Local\Programs\MiKTeX\tex/generic/pgf/libraries\pgflib
raryarrows.code.tex))
(<LOCAL_ACCOUNT_ROOT>\AppData\Local\Programs\MiKTeX\tex/generic/pgf/frontendlayer/ti
kz/libraries\tikzlibrarybending.code.tex
(<LOCAL_ACCOUNT_ROOT>\AppData\Local\Programs\MiKTeX\tex/generic/pgf/modules\pgfmodul
ebending.code.tex
(<LOCAL_ACCOUNT_ROOT>\AppData\Local\Programs\MiKTeX\tex/generic/pgf/modules\pgfmodul
enonlineartransformations.code.tex)
(<LOCAL_ACCOUNT_ROOT>\AppData\Local\Programs\MiKTeX\tex/generic/pgf/libraries\pgflib
rarycurvilinear.code.tex)))
(<LOCAL_ACCOUNT_ROOT>\AppData\Local\Programs\MiKTeX\tex/generic/pgf/frontendlayer/ti
kz/libraries\tikzlibrarydecorations.markings.code.tex
(<LOCAL_ACCOUNT_ROOT>\AppData\Local\Programs\MiKTeX\tex/generic/pgf/libraries/decora
tions\pgflibrarydecorations.markings.code.tex))
(<LOCAL_ACCOUNT_ROOT>\AppData\Local\Programs\MiKTeX\tex/generic/pgf/frontendlayer/ti
kz/libraries\tikzlibrarypatterns.code.tex
(<LOCAL_ACCOUNT_ROOT>\AppData\Local\Programs\MiKTeX\tex/generic/pgf/libraries\pgflib
rarypatterns.code.tex))
(<LOCAL_ACCOUNT_ROOT>\AppData\Local\Programs\MiKTeX\tex/generic/pgf/frontendlayer/ti
kz/libraries\tikzlibrarybackgrounds.code.tex)) (algebraic_topology.aux)
(<LOCAL_ACCOUNT_ROOT>\AppData\Local\Programs\MiKTeX\tex/context/base/mkii\supp-pdf.m
kii
[Loading MPS to PDF converter (version 2006.09.02).]
)
(<LOCAL_ACCOUNT_ROOT>\AppData\Local\Programs\MiKTeX\tex/latex/epstopdf-pkg\epstopdf-
base.sty
(<LOCAL_ACCOUNT_ROOT>\AppData\Local\Programs\MiKTeX\tex/latex/00miktex\epstopdf-sys.
cfg))
Package pgfplots notification 'compat/show suggested version=true': document ha
s been generated with the most recent feature set (\pgfplotsset{compat=1.18}).

*geometry* driver: auto-detecting
*geometry* detected driver: pdftex
(<LOCAL_ACCOUNT_ROOT>\AppData\Local\Programs\MiKTeX\tex/latex/amsfonts\umsa.fd)
(<LOCAL_ACCOUNT_ROOT>\AppData\Local\Programs\MiKTeX\tex/latex/amsfonts\umsb.fd)
(<LOCAL_ACCOUNT_ROOT>\AppData\Local\Programs\MiKTeX\tex/latex/esint\uesint.fd)
[1{<LOCAL_ACCOUNT_ROOT>/AppData/Local/MiKTeX/fonts/map/pdftex/pdftex.map}]
(algebraic_topology.toc) [2] [3] [4] [5] [6] [7] [8] [9] [10] [11]
(<LOCAL_ACCOUNT_ROOT>\AppData\Local\Programs\MiKTeX\tex/latex/bbm\ubbm.fd) [12]
[13] [14] [15] [16] [17] [18] [19] [20] [21] [22] [23] [24] [25] [26] [27]
[28] [29] [30] [31] [32] [33] [34] [35] [36] [37] [38] [39] [40] [41] [42]
[43] [44] [45] [46] [47] [48] [49] [50] [51] [52] [53] [54] [55] [56] [57]
(algebraic_topology.aux) ) <<LOCAL_ACCOUNT_ROOT>\AppData\Local\MiKTeX\fonts/pk/ljfou
r/public/bbm/dpi657\bbm10.pk><<LOCAL_ACCOUNT_ROOT>/AppData/Local/Programs/MiKTeX/fon
ts/type1/public/amsfonts/cm/cmbx10.pfb><<LOCAL_ACCOUNT_ROOT>/AppData/Local/Programs/
MiKTeX/fonts/type1/public/amsfonts/cm/cmbx12.pfb><<LOCAL_ACCOUNT_ROOT>/AppData/Local
/Programs/MiKTeX/fonts/type1/public/amsfonts/cm/cmex10.pfb><<LOCAL_ACCOUNT_ROOT>/App
Data/Local/Programs/MiKTeX/fonts/type1/public/amsfonts/cm/cmmi10.pfb><<LOCAL_ACCOUNT_ROOT>/AppData/Local/Programs/MiKTeX/fonts/type1/public/amsfonts/cm/cmmi5.pfb><
<LOCAL_ACCOUNT_ROOT>/AppData/Local/Programs/MiKTeX/fonts/type1/public/amsfonts/cm/cm
mi6.pfb><<LOCAL_ACCOUNT_ROOT>/AppData/Local/Programs/MiKTeX/fonts/type1/public/amsfo
nts/cm/cmmi7.pfb><<LOCAL_ACCOUNT_ROOT>/AppData/Local/Programs/MiKTeX/fonts/type1/pub
lic/amsfonts/cm/cmmi8.pfb><<LOCAL_ACCOUNT_ROOT>/AppData/Local/Programs/MiKTeX/fonts/
type1/public/amsfonts/cm/cmr10.pfb><<LOCAL_ACCOUNT_ROOT>/AppData/Local/Programs/MiKT
eX/fonts/type1/public/amsfonts/cm/cmr12.pfb><<LOCAL_ACCOUNT_ROOT>/AppData/Local/Prog
rams/MiKTeX/fonts/type1/public/amsfonts/cm/cmr5.pfb><<LOCAL_ACCOUNT_ROOT>/AppData/Lo
cal/Programs/MiKTeX/fonts/type1/public/amsfonts/cm/cmr6.pfb><<LOCAL_ACCOUNT_ROOT>/Ap
pData/Local/Programs/MiKTeX/fonts/type1/public/amsfonts/cm/cmr7.pfb><<LOCAL_ACCOUNT_ROOT>/AppData/Local/Programs/MiKTeX/fonts/type1/public/amsfonts/cm/cmr8.pfb><<LOCAL_ACCOUNT_ROOT>/AppData/Local/Programs/MiKTeX/fonts/type1/public/amsfonts/cm/cmr9
.pfb><<LOCAL_ACCOUNT_ROOT>/AppData/Local/Programs/MiKTeX/fonts/type1/public/amsfonts
/cm/cmsy10.pfb><<LOCAL_ACCOUNT_ROOT>/AppData/Local/Programs/MiKTeX/fonts/type1/publi
c/amsfonts/cm/cmsy6.pfb><<LOCAL_ACCOUNT_ROOT>/AppData/Local/Programs/MiKTeX/fonts/ty
pe1/public/amsfonts/cm/cmsy8.pfb><<LOCAL_ACCOUNT_ROOT>/AppData/Local/Programs/MiKTeX
/fonts/type1/public/amsfonts/cm/cmti10.pfb><<LOCAL_ACCOUNT_ROOT>/AppData/Local/Progr
ams/MiKTeX/fonts/type1/public/amsfonts/cm/cmtt12.pfb><<LOCAL_ACCOUNT_ROOT>/AppData/L
ocal/Programs/MiKTeX/fonts/type1/public/amsfonts/symbols/msam10.pfb><<LOCAL_ACCOUNT_ROOT>/AppData/Local/Programs/MiKTeX/fonts/type1/public/amsfonts/symbols/msbm10.
pfb>
Output written on algebraic_topology.pdf (57 pages, 664609 bytes).
Transcript written on algebraic_topology.log.
